---
source: tests/integration_tests.rs
expression: snapshot
---
Snapshot(
    [
        (
            CompositeKey(
                Histogram,
                Key {
                    name: KeyName(
                        "http.client.request.duration",
                    ),
                    labels: [
                        Label(
                            "http.request.method",
                            "GET",
                        ),
                        Label(
                            "url.scheme",
                            "http",
                        ),
                        Label(
                            "network.protocol.name",
                            "http",
                        ),
                        Label(
                            "server.address",
                            "127.0.0.1",
                        ),
                        Label("server.port", [PORT]),
                        Label(
                            "network.protocol.version",
                            "1.1",
                        ),
                        Label(
                            "http.response.status_code",
                            "200",
                        ),
                    ],
                    hashed: true,
                    hash: [HASH],
                },
            ),
            Some(
                Seconds,
            ),
            Some(
                "Duration of HTTP client requests.",
            ),
            Histogram([HISTOGRAM_VALUE]),
        ),
    ],
)
